[2026-02-27 20:52:21] Phase 1: Waiting for 27B abliterated layer scan (PID=153318)...
[2026-02-27 20:52:21]   Layers scanned: 45/64
[2026-02-27 20:54:21]   Layers scanned: 45/64
[2026-02-27 20:56:21]   Layers scanned: 45/64
[2026-02-27 20:58:21]   Layers scanned: 45/64
[2026-02-27 21:00:21]   Layers scanned: 45/64
[2026-02-27 21:02:21]   Layers scanned: 46/64
[2026-02-27 21:04:21]   Layers scanned: 46/64
[2026-02-27 21:06:21]   Layers scanned: 46/64
[2026-02-27 21:08:21]   Layers scanned: 46/64
[2026-02-27 21:10:21]   Layers scanned: 46/64
[2026-02-27 21:12:21]   Layers scanned: 46/64
[2026-02-27 21:14:21]   Layers scanned: 46/64
[2026-02-27 21:16:21]   Layers scanned: 47/64
[2026-02-27 21:18:21]   Layers scanned: 47/64
[2026-02-27 21:20:21]   Layers scanned: 47/64
[2026-02-27 21:22:21]   Layers scanned: 47/64
[2026-02-27 21:24:21]   Layers scanned: 47/64
[2026-02-27 21:26:21]   Layers scanned: 47/64
[2026-02-27 21:28:21]   Layers scanned: 47/64
[2026-02-27 21:30:21]   Layers scanned: 48/64
[2026-02-27 21:32:21]   Layers scanned: 48/64
[2026-02-27 21:34:21]   Layers scanned: 48/64
[2026-02-27 21:36:21]   Layers scanned: 48/64
[2026-02-27 21:38:21]   Layers scanned: 48/64
[2026-02-27 21:40:21]   Layers scanned: 48/64
[2026-02-27 21:42:22]   Layers scanned: 49/64
[2026-02-27 21:44:22]   Layers scanned: 49/64
[2026-02-27 21:46:22]   Layers scanned: 49/64
[2026-02-27 21:48:22]   Layers scanned: 49/64
[2026-02-27 21:50:22]   Layers scanned: 49/64
[2026-02-27 21:52:22]   Layers scanned: 49/64
[2026-02-27 21:54:22]   Layers scanned: 49/64
[2026-02-27 21:56:22]   Layers scanned: 50/64
[2026-02-27 21:58:22]   Layers scanned: 50/64
[2026-02-27 22:00:22]   Layers scanned: 50/64
[2026-02-27 22:02:22]   Layers scanned: 50/64
[2026-02-27 22:04:22]   Layers scanned: 50/64
[2026-02-27 22:06:22]   Layers scanned: 50/64
[2026-02-27 22:08:22]   Layers scanned: 50/64
[2026-02-27 22:10:22]   Layers scanned: 51/64
[2026-02-27 22:12:22]   Layers scanned: 51/64
[2026-02-27 22:14:22]   Layers scanned: 51/64
[2026-02-27 22:16:22]   Layers scanned: 51/64
[2026-02-27 22:18:22]   Layers scanned: 51/64
[2026-02-27 22:20:22]   Layers scanned: 51/64
[2026-02-27 22:22:22]   Layers scanned: 51/64
[2026-02-27 22:24:22]   Layers scanned: 52/64
[2026-02-27 22:26:22]   Layers scanned: 52/64
[2026-02-27 22:28:22]   Layers scanned: 52/64
[2026-02-27 22:30:22]   Layers scanned: 52/64
[2026-02-27 22:32:22]   Layers scanned: 52/64
[2026-02-27 22:34:22]   Layers scanned: 52/64
[2026-02-27 22:36:22]   Layers scanned: 52/64
[2026-02-27 22:38:22]   Layers scanned: 53/64
[2026-02-27 22:40:22]   Layers scanned: 53/64
[2026-02-27 22:42:22]   Layers scanned: 53/64
[2026-02-27 22:44:22]   Layers scanned: 53/64
[2026-02-27 22:46:22]   Layers scanned: 53/64
[2026-02-27 22:48:22]   Layers scanned: 53/64
[2026-02-27 22:50:22]   Layers scanned: 53/64
[2026-02-27 22:52:22]   Layers scanned: 54/64
[2026-02-27 22:54:22]   Layers scanned: 54/64
[2026-02-27 22:56:22]   Layers scanned: 54/64
[2026-02-27 22:58:22]   Layers scanned: 54/64
[2026-02-27 23:00:22]   Layers scanned: 54/64
[2026-02-27 23:02:23]   Layers scanned: 54/64
[2026-02-27 23:04:23]   Layers scanned: 54/64
[2026-02-27 23:06:23]   Layers scanned: 55/64
[2026-02-27 23:08:23]   Layers scanned: 55/64
[2026-02-27 23:10:23]   Layers scanned: 55/64
[2026-02-27 23:12:23]   Layers scanned: 55/64
[2026-02-27 23:14:23]   Layers scanned: 55/64
[2026-02-27 23:16:23]   Layers scanned: 55/64
[2026-02-27 23:18:23]   Layers scanned: 55/64
[2026-02-27 23:20:23]   Layers scanned: 56/64
[2026-02-27 23:22:23]   Layers scanned: 56/64
[2026-02-27 23:24:23]   Layers scanned: 56/64
[2026-02-27 23:26:23]   Layers scanned: 56/64
[2026-02-27 23:28:23]   Layers scanned: 56/64
[2026-02-27 23:30:23]   Layers scanned: 56/64
[2026-02-27 23:32:23]   Layers scanned: 56/64
[2026-02-27 23:34:23]   Layers scanned: 57/64
[2026-02-27 23:36:23]   Layers scanned: 57/64
[2026-02-27 23:38:23]   Layers scanned: 57/64
[2026-02-27 23:40:23]   Layers scanned: 57/64
[2026-02-27 23:42:23]   Layers scanned: 57/64
[2026-02-27 23:44:23]   Layers scanned: 57/64
[2026-02-27 23:46:23]   Layers scanned: 58/64
[2026-02-27 23:48:23]   Layers scanned: 58/64
[2026-02-27 23:50:23]   Layers scanned: 58/64
[2026-02-27 23:52:23]   Layers scanned: 58/64
[2026-02-27 23:54:23]   Layers scanned: 58/64
[2026-02-27 23:56:23]   Layers scanned: 58/64
[2026-02-27 23:58:23]   Layers scanned: 58/64
[2026-02-28 00:00:23]   Layers scanned: 59/64
[2026-02-28 00:02:23]   Layers scanned: 59/64
[2026-02-28 00:04:23]   Layers scanned: 59/64
[2026-02-28 00:06:23]   Layers scanned: 59/64
[2026-02-28 00:08:23]   Layers scanned: 59/64
[2026-02-28 00:10:24]   Layers scanned: 59/64
[2026-02-28 00:12:24]   Layers scanned: 59/64
[2026-02-28 00:14:24]   Layers scanned: 60/64
[2026-02-28 00:16:24]   Layers scanned: 60/64
[2026-02-28 00:18:24]   Layers scanned: 60/64
[2026-02-28 00:20:24]   Layers scanned: 60/64
[2026-02-28 00:22:24]   Layers scanned: 60/64
[2026-02-28 00:24:24]   Layers scanned: 60/64
[2026-02-28 00:26:24]   Layers scanned: 60/64
[2026-02-28 00:28:24]   Layers scanned: 61/64
[2026-02-28 00:30:24]   Layers scanned: 61/64
[2026-02-28 00:32:24]   Layers scanned: 61/64
[2026-02-28 00:34:24]   Layers scanned: 61/64
[2026-02-28 00:36:24]   Layers scanned: 61/64
[2026-02-28 00:38:24]   Layers scanned: 61/64
[2026-02-28 00:40:24]   Layers scanned: 61/64
[2026-02-28 00:42:24]   Layers scanned: 62/64
[2026-02-28 00:44:24]   Layers scanned: 62/64
[2026-02-28 00:46:24]   Layers scanned: 62/64
[2026-02-28 00:48:24]   Layers scanned: 62/64
[2026-02-28 00:50:24]   Layers scanned: 62/64
[2026-02-28 00:52:24]   Layers scanned: 62/64
[2026-02-28 00:54:24]   Layers scanned: 62/64
[2026-02-28 00:56:24]   Layers scanned: 63/64
[2026-02-28 00:58:24]   Layers scanned: 63/64
[2026-02-28 01:00:24]   Layers scanned: 63/64
[2026-02-28 01:02:24]   Layers scanned: 63/64
[2026-02-28 01:04:24]   Layers scanned: 63/64
[2026-02-28 01:06:24]   Layers scanned: 63/64
[2026-02-28 01:08:24]   Layers scanned: 63/64
[2026-02-28 01:10:24]   Layers scanned: 63/64
[2026-02-28 01:12:24] 27B layer scan COMPLETE.
[2026-02-28 01:12:29] GPU memory freed.
[2026-02-28 01:12:29] Phase 2: Sycophancy probe (base 27B)...
[2026-02-28 03:20:57] Base sycophancy probe DONE.
[2026-02-28 03:21:04] Phase 3: Sycophancy probe (abliterated 27B)...
[2026-02-28 06:31:29] Abliterated sycophancy probe DONE.
[2026-02-28 06:31:37] Phase 4: SAE activation collection (base 27B)...
[2026-03-01 00:20:37] 27B SAE collection DONE.
[2026-03-01 00:20:37] Phase 5: SAE training — L50 (super-hub)...
[2026-03-01 05:56:18] L50 SAE training DONE.
[2026-03-01 05:56:18] Phase 6: SAE training — L44 (sarcasm region)...
